

U-Boot 2020.01 (Jan 27 2025 - 07:19:39 +0000)

CPU:   Zynq 7z020
Silicon: v0.0
Model: Zynq Zed Development Board
DRAM:  ECC disabled 512 MiB
Flash: 0 Bytes
NAND:  0 MiB
MMC:   mmc@e0100000: 0
Loading Environment from SPI Flash... SF: Detected s25fl256s1 with page size 256 Bytes, erase size 64 KiB, total 32 MiB
*** Warning - bad CRC, using default environment

In:    serial@e0001000
Out:   serial@e0001000
Err:   serial@e0001000
Net:   
ZYNQ GEM: e000b000, mdio bus e000b000, phyaddr 0, interface rgmii-id

Warning: ethernet@e000b000 using MAC address from DT
eth0: ethernet@e000b000
Hit any key to stop autoboot:  2  1  0 
switch to partitions #0, OK
mmc0 is current device
Scanning mmc 0:1...
Found U-Boot script /boot.scr
2010 bytes read in 16 ms (122.1 KiB/s)
## Executing script at 03000000
11659976 bytes read in 651 ms (17.1 MiB/s)
## Loading kernel from FIT Image at 10000000 ...
   Using 'conf@system-top.dtb' configuration
   Verifying Hash Integrity ... OK
   Trying 'kernel@1' kernel subimage
     Description:  Linux kernel
     Type:         Kernel Image
     Compression:  uncompressed
     Data Start:   0x100000f8
     Data Size:    4325976 Bytes = 4.1 MiB
     Architecture: ARM
     OS:           Linux
     Load Address: 0x00200000
     Entry Point:  0x00200000
     Hash algo:    sha256
     Hash value:   319b6f263336a9de1d98a25099d475b3e11b841eab54f28f5d454cdd4f42cc9b
   Verifying Hash Integrity ... sha256+ OK
## Loading ramdisk from FIT Image at 10000000 ...
   Using 'conf@system-top.dtb' configuration
   Verifying Hash Integrity ... OK
   Trying 'ramdisk@1' ramdisk subimage
     Description:  petalinux-image-minimal
     Type:         RAMDisk Image
     Compression:  uncompressed
     Data Start:   0x10425808
     Data Size:    7310666 Bytes = 7 MiB
     Architecture: ARM
     OS:           Linux
     Load Address: unavailable
     Entry Point:  unavailable
     Hash algo:    sha256
     Hash value:   9becfc5311beb8bd51831e6b3baadbe2b83c9a2d9855c9c4c605326d6724ced8
   Verifying Hash Integrity ... sha256+ OK
## Loading fdt from FIT Image at 10000000 ...
   Using 'conf@system-top.dtb' configuration
   Verifying Hash Integrity ... OK
   Trying 'fdt@system-top.dtb' fdt subimage
     Description:  Flattened Device Tree blob
     Type:         Flat Device Tree
     Compression:  uncompressed
     Data Start:   0x1042045c
     Data Size:    21214 Bytes = 20.7 KiB
     Architecture: ARM
     Hash algo:    sha256
     Hash value:   38c79765ba51c0f36bcb090a22860f73bdc231b5e24bf7e4a5fc51e7533afd24
   Verifying Hash Integrity ... sha256+ OK
   Booting using the fdt blob at 0x1042045c
   Loading Kernel Image
   Loading Ramdisk to 1e40e000, end 1eb06d4a ... OK
   Loading Device Tree to 1e405000, end 1e40d2dd ... OK

Starting kernel ...

Booting Linux on physical CPU 0x0
Linux version 5.4.0-xilinx-v2020.2 (oe-user@oe-host) (gcc version 9.2.0 (GCC)) #1 SMP PREEMPT Mon Jan 27 05:57:00 UTC 2025
CPU: ARMv7 Processor [413fc090] revision 0 (ARMv7), cr=18c5387d
CPU: PIPT / VIPT nonaliasing data cache, VIPT aliasing instruction cache
OF: fdt: Machine model: Zynq Zed Development Board
earlycon: cdns0 at MMIO 0xe0001000 (options '115200n8')
printk: bootconsole [cdns0] enabled
Memory policy: Data cache writealloc
cma: Reserved 16 MiB at 0x1f000000
percpu: Embedded 15 pages/cpu s31948 r8192 d21300 u61440
Built 1 zonelists, mobility grouping on.  Total pages: 129920
Kernel command line: console=ttyPS0,115200 earlycon root=/dev/ram0 rw
Dentry cache hash table entries: 65536 (order: 6, 262144 bytes, linear)
Inode-cache hash table entries: 32768 (order: 5, 131072 bytes, linear)
mem auto-init: stack:off, heap alloc:off, heap free:off
Memory: 484416K/524288K available (6144K kernel code, 217K rwdata, 1844K rodata, 1024K init, 131K bss, 23488K reserved, 16384K cma-reserved, 0K highmem)
rcu: Preemptible hierarchical RCU implementation.
rcu: 	RCU restricting CPUs from NR_CPUS=4 to nr_cpu_ids=2.
	Tasks RCU enabled.
rcu: RCU calculated value of scheduler-enlistment delay is 10 jiffies.
rcu: Adjusting geometry for rcu_fanout_leaf=16, nr_cpu_ids=2
NR_IRQS: 16, nr_irqs: 16, preallocated irqs: 16
efuse mapped to (ptrval)
slcr mapped to (ptrval)
L2C: platform modifies aux control register: 0x72360000 -> 0x72760000
L2C: DT/platform modifies aux control register: 0x72360000 -> 0x72760000
L2C-310 erratum 769419 enabled
L2C-310 enabling early BRESP for Cortex-A9
L2C-310 full line of zeros enabled for Cortex-A9
L2C-310 ID prefetch enabled, offset 1 lines
L2C-310 dynamic clock gating enabled, standby mode enabled
L2C-310 cache controller enabled, 8 ways, 512 kB
L2C-310: CACHE_ID 0x410000c8, AUX_CTRL 0x76760001
random: get_random_bytes called from start_kernel+0x260/0x440 with crng_init=0
zynq_clock_init: clkc starts at (ptrval)
Zynq clock init
sched_clock: 64 bits at 333MHz, resolution 3ns, wraps every 4398046511103ns
clocksource: arm_global_timer: mask: 0xffffffffffffffff max_cycles: 0x4ce07af025, max_idle_ns: 440795209040 ns
Switching to timer-based delay loop, resolution 3ns
Console: colour dummy device 80x30
Calibrating delay loop (skipped), value calculated using timer frequency.. 666.66 BogoMIPS (lpj=3333333)
pid_max: default: 32768 minimum: 301
Mount-cache hash table entries: 1024 (order: 0, 4096 bytes, linear)
Mountpoint-cache hash table entries: 1024 (order: 0, 4096 bytes, linear)
CPU: Testing write buffer coherency: ok
CPU0: Spectre v2: using BPIALL workaround
CPU0: thread -1, cpu 0, socket 0, mpidr 80000000
Setting up static identity map for 0x100000 - 0x100060
rcu: Hierarchical SRCU implementation.
smp: Bringing up secondary CPUs ...
CPU1: thread -1, cpu 1, socket 0, mpidr 80000001
CPU1: Spectre v2: using BPIALL workaround
smp: Brought up 1 node, 2 CPUs
SMP: Total of 2 processors activated (1333.33 BogoMIPS).
CPU: All CPU(s) started in SVC mode.
devtmpfs: initialized
VFP support v0.3: implementor 41 architecture 3 part 30 variant 9 rev 4
clocksource: jiffies: mask: 0xffffffff max_cycles: 0xffffffff, max_idle_ns: 19112604462750000 ns
futex hash table entries: 512 (order: 3, 32768 bytes, linear)
pinctrl core: initialized pinctrl subsystem
NET: Registered protocol family 16
DMA: preallocated 256 KiB pool for atomic coherent allocations
cpuidle: using governor menu
sysfs: cannot create duplicate filename '/bus/platform/devices/40400000.dma'
CPU: 1 PID: 1 Comm: swapper/0 Not tainted 5.4.0-xilinx-v2020.2 #1
Hardware name: Xilinx Zynq Platform
[<c010e37c>] (unwind_backtrace) from [<c010a124>] (show_stack+0x10/0x14)
[<c010a124>] (show_stack) from [<c06a24e8>] (dump_stack+0xb4/0xd0)
[<c06a24e8>] (dump_stack) from [<c025f8ac>] (sysfs_warn_dup+0x4c/0x60)
[<c025f8ac>] (sysfs_warn_dup) from [<c025fb10>] (sysfs_do_create_link_sd+0x90/0xb4)
[<c025fb10>] (sysfs_do_create_link_sd) from [<c03f10f4>] (bus_add_device+0x50/0xc8)
[<c03f10f4>] (bus_add_device) from [<c03eefac>] (device_add+0x364/0x568)
[<c03eefac>] (device_add) from [<c0558cc8>] (of_platform_device_create_pdata+0x9c/0xc0)
[<c0558cc8>] (of_platform_device_create_pdata) from [<c0558fd4>] (of_platform_bus_create+0x2b0/0x370)
[<c0558fd4>] (of_platform_bus_create) from [<c05593e0>] (of_platform_populate+0x70/0xb8)
[<c05593e0>] (of_platform_populate) from [<c0a090a4>] (zynq_init_machine+0xcc/0x134)
[<c0a090a4>] (zynq_init_machine) from [<c0a03644>] (customize_machine+0x1c/0x30)
[<c0a03644>] (customize_machine) from [<c0102668>] (do_one_initcall+0x74/0x16c)
[<c0102668>] (do_one_initcall) from [<c0a00f4c>] (kernel_init_freeable+0x1f4/0x248)
[<c0a00f4c>] (kernel_init_freeable) from [<c06b6408>] (kernel_init+0x8/0x10c)
[<c06b6408>] (kernel_init) from [<c01010e8>] (ret_from_fork+0x14/0x2c)
Exception stack(0xddc43fb0 to 0xddc43ff8)
3fa0:                                     00000000 00000000 00000000 00000000
3fc0: 00000000 00000000 00000000 00000000 00000000 00000000 00000000 00000000
3fe0: 00000000 00000000 00000000 00000000 00000013 00000000
hw-breakpoint: found 5 (+1 reserved) breakpoint and 1 watchpoint registers.
hw-breakpoint: maximum watchpoint size is 4 bytes.
zynq-ocm f800c000.ocmc: ZYNQ OCM pool: 256 KiB @ 0x(ptrval)
e0001000.serial: ttyPS0 at MMIO 0xe0001000 (irq = 24, base_baud = 3125000) is a xuartps
printk: console [ttyPS0] enabled
printk: console [ttyPS0] enabled
printk: bootconsole [cdns0] disabled
printk: bootconsole [cdns0] disabled
sysfs: cannot create duplicate filename '/bus/platform/devices/40400000.dma'
CPU: 1 PID: 1 Comm: swapper/0 Not tainted 5.4.0-xilinx-v2020.2 #1
Hardware name: Xilinx Zynq Platform
[<c010e37c>] (unwind_backtrace) from [<c010a124>] (show_stack+0x10/0x14)
[<c010a124>] (show_stack) from [<c06a24e8>] (dump_stack+0xb4/0xd0)
[<c06a24e8>] (dump_stack) from [<c025f8ac>] (sysfs_warn_dup+0x4c/0x60)
[<c025f8ac>] (sysfs_warn_dup) from [<c025fb10>] (sysfs_do_create_link_sd+0x90/0xb4)
[<c025fb10>] (sysfs_do_create_link_sd) from [<c03f10f4>] (bus_add_device+0x50/0xc8)
[<c03f10f4>] (bus_add_device) from [<c03eefac>] (device_add+0x364/0x568)
[<c03eefac>] (device_add) from [<c0558cc8>] (of_platform_device_create_pdata+0x9c/0xc0)
[<c0558cc8>] (of_platform_device_create_pdata) from [<c0558fd4>] (of_platform_bus_create+0x2b0/0x370)
[<c0558fd4>] (of_platform_bus_create) from [<c05593e0>] (of_platform_populate+0x70/0xb8)
[<c05593e0>] (of_platform_populate) from [<c0a1fd54>] (of_platform_default_populate_init+0x70/0xb4)
[<c0a1fd54>] (of_platform_default_populate_init) from [<c0102668>] (do_one_initcall+0x74/0x16c)
[<c0102668>] (do_one_initcall) from [<c0a00f4c>] (kernel_init_freeable+0x1f4/0x248)
[<c0a00f4c>] (kernel_init_freeable) from [<c06b6408>] (kernel_init+0x8/0x10c)
[<c06b6408>] (kernel_init) from [<c01010e8>] (ret_from_fork+0x14/0x2c)
Exception stack(0xddc43fb0 to 0xddc43ff8)
3fa0:                                     00000000 00000000 00000000 00000000
3fc0: 00000000 00000000 00000000 00000000 00000000 00000000 00000000 00000000
3fe0: 00000000 00000000 00000000 00000000 00000013 00000000
vgaarb: loaded
SCSI subsystem initialized
usbcore: registered new interface driver usbfs
usbcore: registered new interface driver hub
usbcore: registered new device driver usb
mc: Linux media interface: v0.10
videodev: Linux video capture interface: v2.00
pps_core: LinuxPPS API ver. 1 registered
pps_core: Software ver. 5.3.6 - Copyright 2005-2007 Rodolfo Giometti <giometti@linux.it>
PTP clock support registered
EDAC MC: Ver: 3.0.0
FPGA manager framework
Advanced Linux Sound Architecture Driver Initialized.
clocksource: Switched to clocksource arm_global_timer
thermal_sys: Registered thermal governor 'step_wise'
NET: Registered protocol family 2
tcp_listen_portaddr_hash hash table entries: 512 (order: 0, 6144 bytes, linear)
TCP established hash table entries: 4096 (order: 2, 16384 bytes, linear)
TCP bind hash table entries: 4096 (order: 3, 32768 bytes, linear)
TCP: Hash tables configured (established 4096 bind 4096)
UDP hash table entries: 256 (order: 1, 8192 bytes, linear)
UDP-Lite hash table entries: 256 (order: 1, 8192 bytes, linear)
NET: Registered protocol family 1
RPC: Registered named UNIX socket transport module.
RPC: Registered udp transport module.
RPC: Registered tcp transport module.
RPC: Registered tcp NFSv4.1 backchannel transport module.
PCI: CLS 0 bytes, default 64
Trying to unpack rootfs image as initramfs...
Freeing initrd memory: 7140K
hw perfevents: no interrupt-affinity property for /pmu@f8891000, guessing.
hw perfevents: enabled with armv7_cortex_a9 PMU driver, 7 counters available
workingset: timestamp_bits=14 max_order=17 bucket_order=3
jffs2: version 2.2. (NAND) (SUMMARY)  Â© 2001-2006 Red Hat, Inc.
io scheduler mq-deadline registered
io scheduler kyber registered
zynq-pinctrl 700.pinctrl: zynq pinctrl initialized
dma-pl330 f8003000.dmac: Loaded driver for PL330 DMAC-241330
dma-pl330 f8003000.dmac: 	DBUFF-128x8bytes Num_Chans-8 Num_Peri-4 Num_Events-16
xilinx-vdma 40400000.dma: unable to request IRQ 0
xilinx-vdma 40400000.dma: unable to request IRQ 0
xilinx-vdma 40400000.dma: dma_async_device_register: device has no channels!
xilinx-vdma 40400000.dma: Xilinx AXI DMA Engine Driver Probed!!
brd: module loaded
loop: module loaded
spi-nor spi0.0: found s25fl256s1, expected n25q128a11
spi-nor spi0.0: s25fl256s1 (32768 Kbytes)
9 fixed-partitions partitions found on MTD device spi0.0
Creating 9 MTD partitions on "spi0.0":
0x000000000000-0x000000100000 : "qspi-fsbl-uboot"
0x000000100000-0x000000600000 : "qspi-linux"
0x000000600000-0x000000620000 : "qspi-device-tree"
0x000000620000-0x000000c00000 : "qspi-rootfs"
0x000000c00000-0x000001000000 : "qspi-bitstream"
0x000000000000-0x000000500000 : "boot"
0x000000500000-0x000000520000 : "bootenv"
0x000000520000-0x000000fa0000 : "kernel"
0x000000fa0000-0x000002000000 : "spare"
libphy: Fixed MDIO Bus: probed
CAN device driver interface
libphy: MACB_mii_bus: probed
Marvell 88E1510 e000b000.ethernet-ffffffff:00: attached PHY driver [Marvell 88E1510] (mii_bus:phy_addr=e000b000.ethernet-ffffffff:00, irq=POLL)
macb e000b000.ethernet eth0: Cadence GEM rev 0x00020118 at 0xe000b000 irq 26 (00:0a:35:00:1e:53)
e1000e: Intel(R) PRO/1000 Network Driver - 3.2.6-k
e1000e: Copyright(c) 1999 - 2015 Intel Corporation.
ehci_hcd: USB 2.0 'Enhanced' Host Controller (EHCI) Driver
ehci-pci: EHCI PCI platform driver
usbcore: registered new interface driver usb-storage
chipidea-usb2 e0002000.usb: e0002000.usb supply vbus not found, using dummy regulator
ULPI transceiver vendor/product ID 0x0451/0x1507
Found TI TUSB1210 ULPI transceiver.
ULPI integrity check: passed.
ci_hdrc ci_hdrc.0: EHCI Host Controller
ci_hdrc ci_hdrc.0: new USB bus registered, assigned bus number 1
ci_hdrc ci_hdrc.0: USB 2.0 started, EHCI 1.00
hub 1-0:1.0: USB hub found
hub 1-0:1.0: 1 port detected
i2c /dev entries driver
cdns-wdt f8005000.watchdog: Xilinx Watchdog Timer with timeout 10s
EDAC MC: ECC not enabled
Xilinx Zynq CpuIdle Driver started
sdhci: Secure Digital Host Controller Interface driver
sdhci: Copyright(c) Pierre Ossman
sdhci-pltfm: SDHCI platform and OF driver helper
mmc0: Invalid maximum block size, assuming 512 bytes
mmc0: SDHCI controller on e0100000.mmc [e0100000.mmc] using ADMA
ledtrig-cpu: registered to indicate activity on CPUs
clocksource: ttc_clocksource: mask: 0xffff max_cycles: 0xffff, max_idle_ns: 537538477 ns
timer #0 at (ptrval), irq=39
usbcore: registered new interface driver usbhid
usbhid: USB HID core driver
fpga_manager fpga0: Xilinx Zynq FPGA Manager registered
NET: Registered protocol family 10
Segment Routing with IPv6
sit: IPv6, IPv4 and MPLS over IPv4 tunneling driver
NET: Registered protocol family 17
can: controller area network core (rev 20170425 abi 9)
NET: Registered protocol family 29
can: raw protocol (rev 20170425)
mmc0: new high speed SDHC card at address aaaa
can: broadcast manager protocol (rev 20170425 t)
can: netlink gateway (rev 20190810) max_hops=1
Registering SWP/SWPB emulation handler
mmcblk0: mmc0:aaaa SB16G 14.8 GiB 
of-fpga-region fpga-full: FPGA Region probed
hctosys: unable to open rtc device (rtc0)
of_cfs_init
of_cfs_init: OK
ALSA device list:
  No soundcards found.
 mmcblk0: p1 p2
Freeing unused kernel memory: 1024K
Run /init as init process
INIT: version 2.88 booting
Starting udev
udevd[73]: starting version 3.2.8
random: udevd: uninitialized urandom read (16 bytes read)
random: udevd: uninitialized urandom read (16 bytes read)
random: udevd: uninitialized urandom read (16 bytes read)
udevd[74]: starting eudev-3.2.8
random: fast init done
EXT4-fs (mmcblk0p2): mounted filesystem with ordered data mode. Opts: (null)
hwclock: can't open '/dev/misc/rtc': No such file or directory
Mon Jan 27 07:20:39 UTC 2025
hwclock: can't open '/dev/misc/rtc': No such file or directory
urandom_read: 2 callbacks suppressed
random: dd: uninitialized urandom read (512 bytes read)
Configuring packages on first boot....
 (This may take several minutes. Please do not power off the machine.)
Running postinst /etc/rpm-postinsts/100-sysvinit-inittab...
update-rc.d: /etc/init.d/run-postinsts exists during rc.d purge (continuing)
 Removing any system startup links for run-postinsts ...
  /etc/rcS.d/S99run-postinsts
INIT: Entering runlevel: 5
Configuring network interfaces... udhcpc: started, v1.31.0
udhcpc: sending discover
udhcpc: sending discover
udhcpc: sending discover
udhcpc: no lease, forking to background
done.
Starting haveged: haveged: listening socket at 3
haveged: haveged starting up


Starting Dropbear SSH server: random: dropbearkey: uninitialized urandom read (32 bytes read)
Generating 2048 bit rsa key, this may take a while...
random: dropbearkey: uninitialized urandom read (32 bytes read)
haveged: haveged: ver: 1.9.5; arch: generic; vend: ; build: (gcc 9.2.0 CTV); collect: 128K

haveged: haveged: cpu: (VC); data: 16K (D); inst: 16K (D); idx: 12/40; sz: 15006/57790

haveged: haveged: tot tests(BA8): A:1/1 B:1/1 continuous tests(B):  last entropy estimate 7.9986

haveged: haveged: fills: 0, generated: 0 

random: crng init done
Public key portion is:
ssh-rsa AAAAB3NzaC1yc2EAAAADAQABAAABAQCgq4goy+PPsRDhJQPQ8yhxXTMz2sbgJtxoxUfhiYDT+gbaS9XyW9Pqa7+LpbpSAqt2d+mtxEdDxX/wsacI7vnvcKlUsJ4l0KSDYEmMFoZN4us4VSo9OCMAQzopDYRtf9j0ln4gexSjmbABiemEELgMAEHLusG85YK8E5glyBI4jtidxn0FgfcC1O2j8CorvbjQXCAfhLqdjTPF2VlgpTDqmjrbLhvqbqv+mOvZPge8d6F0yIBmVkMmWdVfF4Zyy2Y17mtfWzwgZo9a9MmUSeau0opHgXH0AekvGCtzQl4DGxvtVpjlEFgJB9my3ZJgFHM0sAaH/CefJRvvyDS+wWEZ root@polling
Fingerprint: sha1!! 48:05:0c:7a:ff:86:bf:b8:6a:89:d0:3a:2b:8b:53:d8:6a:eb:97:b4
dropbear.
hwclock: can't open '/dev/misc/rtc': No such file or directory
Starting internet superserver: inetd.
Starting syslogd/klogd: done
Starting tcf-agent: OK

7[r[999;999H[6n8root@polling:~# 